Release 14.6 - xst P.68d (nt64)
Copyright (c) 1995-2013 Xilinx, Inc.  All rights reserved.
--> Parameter TMPDIR set to xst/projnav.tmp


Total REAL time to Xst completion: 0.00 secs
Total CPU time to Xst completion: 0.08 secs
 
--> Parameter xsthdpdir set to xst


Total REAL time to Xst completion: 0.00 secs
Total CPU time to Xst completion: 0.08 secs
 
--> Reading design: Input20DigitsForSevenSeg.prj

TABLE OF CONTENTS
  1) Synthesis Options Summary
  2) HDL Parsing
  3) HDL Elaboration
  4) HDL Synthesis
       4.1) HDL Synthesis Report
  5) Advanced HDL Synthesis
       5.1) Advanced HDL Synthesis Report
  6) Low Level Synthesis
  7) Partition Report
  8) Design Summary
       8.1) Primitive and Black Box Usage
       8.2) Device utilization summary
       8.3) Partition Resource Summary
       8.4) Timing Report
            8.4.1) Clock Information
            8.4.2) Asynchronous Control Signals Information
            8.4.3) Timing Summary
            8.4.4) Timing Details
            8.4.5) Cross Clock Domains Report


=========================================================================
*                      Synthesis Options Summary                        *
=========================================================================
---- Source Parameters
Input File Name                    : "Input20DigitsForSevenSeg.prj"
Ignore Synthesis Constraint File   : NO

---- Target Parameters
Output File Name                   : "Input20DigitsForSevenSeg"
Output Format                      : NGC
Target Device                      : xc6slx16-3-csg324

---- Source Options
Top Module Name                    : Input20DigitsForSevenSeg
Automatic FSM Extraction           : YES
FSM Encoding Algorithm             : Auto
Safe Implementation                : No
FSM Style                          : LUT
RAM Extraction                     : Yes
RAM Style                          : Auto
ROM Extraction                     : Yes
Shift Register Extraction          : YES
ROM Style                          : Auto
Resource Sharing                   : YES
Asynchronous To Synchronous        : NO
Shift Register Minimum Size        : 2
Use DSP Block                      : Auto
Automatic Register Balancing       : No

---- Target Options
LUT Combining                      : Auto
Reduce Control Sets                : Auto
Add IO Buffers                     : YES
Global Maximum Fanout              : 100000
Add Generic Clock Buffer(BUFG)     : 16
Register Duplication               : YES
Optimize Instantiated Primitives   : NO
Use Clock Enable                   : Auto
Use Synchronous Set                : Auto
Use Synchronous Reset              : Auto
Pack IO Registers into IOBs        : Auto
Equivalent register Removal        : YES

---- General Options
Optimization Goal                  : Speed
Optimization Effort                : 1
Power Reduction                    : NO
Keep Hierarchy                     : No
Netlist Hierarchy                  : As_Optimized
RTL Output                         : Yes
Global Optimization                : AllClockNets
Read Cores                         : YES
Write Timing Constraints           : NO
Cross Clock Analysis               : NO
Hierarchy Separator                : /
Bus Delimiter                      : <>
Case Specifier                     : Maintain
Slice Utilization Ratio            : 100
BRAM Utilization Ratio             : 100
DSP48 Utilization Ratio            : 100
Auto BRAM Packing                  : NO
Slice Utilization Ratio Delta      : 5

=========================================================================


=========================================================================
*                          HDL Parsing                                  *
=========================================================================
Parsing VHDL file "T:\Lab3 - RAM_REG_ALU\Four-Digit_7-Seg_Controller\SevenSegDisplay_1_Digit.vhd" into library work
Parsing entity <senv_seg_SingleDigit>.
Parsing architecture <Behavioral> of entity <senv_seg_singledigit>.
Parsing VHDL file "T:\Lab3 - RAM_REG_ALU\Four-Digit_7-Seg_Controller\Memory.vhd" into library work
Parsing entity <lab3mem>.
Parsing architecture <Behavioural> of entity <lab3mem>.
Parsing VHDL file "T:\Lab3 - RAM_REG_ALU\Four-Digit_7-Seg_Controller\FourDigitSevenSegController.vhd" into library work
Parsing entity <FourDigitSevenSegController>.
Parsing architecture <Behavioral> of entity <fourdigitsevensegcontroller>.
Parsing VHDL file "T:\Lab3 - RAM_REG_ALU\Four-Digit_7-Seg_Controller\Input20DigitsForSevenSeg.vhd" into library work
Parsing entity <Input20DigitsForSevenSeg>.
Parsing architecture <Structural> of entity <input20digitsforsevenseg>.

=========================================================================
*                            HDL Elaboration                            *
=========================================================================

Elaborating entity <Input20DigitsForSevenSeg> (architecture <Structural>) from library <work>.

Elaborating entity <lab3mem> (architecture <Behavioural>) with generics from library <work>.

Elaborating entity <FourDigitSevenSegController> (architecture <Behavioral>) from library <work>.

Elaborating entity <senv_seg_SingleDigit> (architecture <Behavioral>) from library <work>.
INFO:HDLCompiler:679 - "T:\Lab3 - RAM_REG_ALU\Four-Digit_7-Seg_Controller\SevenSegDisplay_1_Digit.vhd" Line 43. Case statement is complete. others clause is never selected

=========================================================================
*                           HDL Synthesis                               *
=========================================================================

Synthesizing Unit <Input20DigitsForSevenSeg>.
    Related source file is "T:\Lab3 - RAM_REG_ALU\Four-Digit_7-Seg_Controller\Input20DigitsForSevenSeg.vhd".
    Summary:
	inferred   4 Multiplexer(s).
Unit <Input20DigitsForSevenSeg> synthesized.

Synthesizing Unit <lab3mem>.
    Related source file is "T:\Lab3 - RAM_REG_ALU\Four-Digit_7-Seg_Controller\Memory.vhd".
        Dwidth = 16
        Awidth = 8
    Found 256x16-bit single-port RAM <Mram_memory> for signal <memory>.
    Found 16-bit register for signal <dout>.
    Summary:
	inferred   1 RAM(s).
	inferred  16 D-type flip-flop(s).
Unit <lab3mem> synthesized.

Synthesizing Unit <FourDigitSevenSegController>.
    Related source file is "T:\Lab3 - RAM_REG_ALU\Four-Digit_7-Seg_Controller\FourDigitSevenSegController.vhd".
    Found 4-bit register for signal <O>.
    Found 4-bit register for signal <tempEN>.
    Found 4-bit register for signal <EN>.
    Found 11-bit register for signal <clkdiv>.
    Found 11-bit adder for signal <clkdiv[10]_GND_8_o_add_0_OUT> created at line 43.
    Found 16x4-bit Read Only RAM for signal <tempEN[3]_PWR_7_o_wide_mux_3_OUT>
    HDL ADVISOR - Describing an operational reset or an explicit power-up state for register <tempEN> would allow inference of a finite state machine and as consequence better performance and smaller area.
    Summary:
	inferred   1 RAM(s).
	inferred   1 Adder/Subtractor(s).
	inferred  23 D-type flip-flop(s).
	inferred   7 Multiplexer(s).
Unit <FourDigitSevenSegController> synthesized.

Synthesizing Unit <senv_seg_SingleDigit>.
    Related source file is "T:\Lab3 - RAM_REG_ALU\Four-Digit_7-Seg_Controller\SevenSegDisplay_1_Digit.vhd".
    Found 16x8-bit Read Only RAM for signal <b>
    Summary:
	inferred   1 RAM(s).
Unit <senv_seg_SingleDigit> synthesized.

=========================================================================
HDL Synthesis Report

Macro Statistics
# RAMs                                                 : 3
 16x4-bit single-port Read Only RAM                    : 1
 16x8-bit single-port Read Only RAM                    : 1
 256x16-bit single-port RAM                            : 1
# Adders/Subtractors                                   : 1
 11-bit adder                                          : 1
# Registers                                            : 5
 11-bit register                                       : 1
 16-bit register                                       : 1
 4-bit register                                        : 3
# Multiplexers                                         : 11
 16-bit 2-to-1 multiplexer                             : 4
 4-bit 2-to-1 multiplexer                              : 7

=========================================================================

=========================================================================
*                       Advanced HDL Synthesis                          *
=========================================================================


Synthesizing (advanced) Unit <FourDigitSevenSegController>.
The following registers are absorbed into counter <clkdiv>: 1 register on signal <clkdiv>.
INFO:Xst:3231 - The small RAM <Mram_tempEN[3]_PWR_7_o_wide_mux_3_OUT> will be implemented on LUTs in order to maximize performance and save block RAM resources. If you want to force its implementation on block, use option/constraint ram_style.
    -----------------------------------------------------------------------
    | ram_type           | Distributed                         |          |
    -----------------------------------------------------------------------
    | Port A                                                              |
    |     aspect ratio   | 16-word x 4-bit                     |          |
    |     weA            | connected to signal <GND>           | high     |
    |     addrA          | connected to signal <tempEN>        |          |
    |     diA            | connected to signal <GND>           |          |
    |     doA            | connected to internal node          |          |
    -----------------------------------------------------------------------
Unit <FourDigitSevenSegController> synthesized (advanced).

Synthesizing (advanced) Unit <lab3mem>.
INFO:Xst:3226 - The RAM <Mram_memory> will be implemented as a BLOCK RAM, absorbing the following register(s): <dout>
    -----------------------------------------------------------------------
    | ram_type           | Block                               |          |
    -----------------------------------------------------------------------
    | Port A                                                              |
    |     aspect ratio   | 256-word x 16-bit                   |          |
    |     mode           | write-first                         |          |
    |     clkA           | connected to signal <clk>           | rise     |
    |     weA            | connected to signal <GND>           | high     |
    |     addrA          | connected to signal <addr>          |          |
    |     diA            | connected to signal <din>           |          |
    |     doA            | connected to signal <dout>          |          |
    -----------------------------------------------------------------------
    | optimization       | speed                               |          |
    -----------------------------------------------------------------------
Unit <lab3mem> synthesized (advanced).

Synthesizing (advanced) Unit <senv_seg_SingleDigit>.
INFO:Xst:3231 - The small RAM <Mram_b> will be implemented on LUTs in order to maximize performance and save block RAM resources. If you want to force its implementation on block, use option/constraint ram_style.
    -----------------------------------------------------------------------
    | ram_type           | Distributed                         |          |
    -----------------------------------------------------------------------
    | Port A                                                              |
    |     aspect ratio   | 16-word x 8-bit                     |          |
    |     weA            | connected to signal <GND>           | high     |
    |     addrA          | connected to signal <a>             |          |
    |     diA            | connected to signal <GND>           |          |
    |     doA            | connected to signal <b>             |          |
    -----------------------------------------------------------------------
Unit <senv_seg_SingleDigit> synthesized (advanced).

=========================================================================
Advanced HDL Synthesis Report

Macro Statistics
# RAMs                                                 : 3
 16x4-bit single-port distributed Read Only RAM        : 1
 16x8-bit single-port distributed Read Only RAM        : 1
 256x16-bit single-port block RAM                      : 1
# Counters                                             : 1
 11-bit up counter                                     : 1
# Registers                                            : 12
 Flip-Flops                                            : 12
# Multiplexers                                         : 11
 16-bit 2-to-1 multiplexer                             : 4
 4-bit 2-to-1 multiplexer                              : 7

=========================================================================

=========================================================================
*                         Low Level Synthesis                           *
=========================================================================

Optimizing unit <Input20DigitsForSevenSeg> ...

Optimizing unit <FourDigitSevenSegController> ...

Mapping all equations...
Building and optimizing final netlist ...
Found area constraint ratio of 100 (+ 5) on block Input20DigitsForSevenSeg, actual ratio is 0.

Final Macro Processing ...

=========================================================================
Final Register Report

Macro Statistics
# Registers                                            : 23
 Flip-Flops                                            : 23

=========================================================================

=========================================================================
*                           Partition Report                            *
=========================================================================

Partition Implementation Status
-------------------------------

  No Partitions were found in this design.

-------------------------------

=========================================================================
*                            Design Summary                             *
=========================================================================

Top Level Output File Name         : Input20DigitsForSevenSeg.ngc

Primitive and Black Box Usage:
------------------------------
# BELS                             : 63
#      GND                         : 1
#      INV                         : 1
#      LUT1                        : 10
#      LUT2                        : 2
#      LUT3                        : 1
#      LUT4                        : 14
#      LUT5                        : 4
#      LUT6                        : 8
#      MUXCY                       : 10
#      VCC                         : 1
#      XORCY                       : 11
# FlipFlops/Latches                : 23
#      FD                          : 23
# RAMS                             : 1
#      RAMB8BWER                   : 1
# Clock Buffers                    : 1
#      BUFGP                       : 1
# IO Buffers                       : 25
#      IBUF                        : 13
#      OBUF                        : 12

Device utilization summary:
---------------------------

Selected Device : 6slx16csg324-3 


Slice Logic Utilization: 
 Number of Slice Registers:              23  out of  18224     0%  
 Number of Slice LUTs:                   40  out of   9112     0%  
    Number used as Logic:                40  out of   9112     0%  

Slice Logic Distribution: 
 Number of LUT Flip Flop pairs used:     43
   Number with an unused Flip Flop:      20  out of     43    46%  
   Number with an unused LUT:             3  out of     43     6%  
   Number of fully used LUT-FF pairs:    20  out of     43    46%  
   Number of unique control sets:         2

IO Utilization: 
 Number of IOs:                          26
 Number of bonded IOBs:                  26  out of    232    11%  

Specific Feature Utilization:
 Number of Block RAM/FIFO:                1  out of     32     3%  
    Number using Block RAM only:          1
 Number of BUFG/BUFGCTRLs:                1  out of     16     6%  

---------------------------
Partition Resource Summary:
---------------------------

  No Partitions were found in this design.

---------------------------


=========================================================================
Timing Report

NOTE: THESE TIMING NUMBERS ARE ONLY A SYNTHESIS ESTIMATE.
      FOR ACCURATE TIMING INFORMATION PLEASE REFER TO THE TRACE REPORT
      GENERATED AFTER PLACE-and-ROUTE.

Clock Information:
------------------
-----------------------------------+-----------------------------+-------+
Clock Signal                       | Clock buffer(FF name)       | Load  |
-----------------------------------+-----------------------------+-------+
mclk                               | BUFGP                       | 12    |
SevenSegController/clkdiv_10       | NONE(SevenSegController/O_3)| 12    |
-----------------------------------+-----------------------------+-------+
INFO:Xst:2169 - HDL ADVISOR - Some clock signals were not automatically buffered by XST with BUFG/BUFR resources. Please use the buffer_type constraint in order to insert these buffers to the clock signals to help prevent skew problems.

Asynchronous Control Signals Information:
----------------------------------------
No asynchronous control signals found in this design

Timing Summary:
---------------
Speed Grade: -3

   Minimum period: 2.700ns (Maximum Frequency: 370.329MHz)
   Minimum input arrival time before clock: 3.505ns
   Maximum output required time after clock: 4.821ns
   Maximum combinational path delay: No path found

Timing Details:
---------------
All values displayed in nanoseconds (ns)

=========================================================================
Timing constraint: Default period analysis for Clock 'mclk'
  Clock period: 1.857ns (frequency: 538.546MHz)
  Total number of paths / destination ports: 66 / 11
-------------------------------------------------------------------------
Delay:               1.857ns (Levels of Logic = 12)
  Source:            SevenSegController/clkdiv_0 (FF)
  Destination:       SevenSegController/clkdiv_10 (FF)
  Source Clock:      mclk rising
  Destination Clock: mclk rising

  Data Path: SevenSegController/clkdiv_0 to SevenSegController/clkdiv_10
                                Gate     Net
    Cell:in->out      fanout   Delay   Delay  Logical Name (Net Name)
    ----------------------------------------  ------------
     FD:C->Q               1   0.447   0.579  SevenSegController/clkdiv_0 (SevenSegController/clkdiv_0)
     INV:I->O              1   0.206   0.000  SevenSegController/Mcount_clkdiv_lut<0>_INV_0 (SevenSegController/Mcount_clkdiv_lut<0>)
     MUXCY:S->O            1   0.172   0.000  SevenSegController/Mcount_clkdiv_cy<0> (SevenSegController/Mcount_clkdiv_cy<0>)
     MUXCY:CI->O           1   0.019   0.000  SevenSegController/Mcount_clkdiv_cy<1> (SevenSegController/Mcount_clkdiv_cy<1>)
     MUXCY:CI->O           1   0.019   0.000  SevenSegController/Mcount_clkdiv_cy<2> (SevenSegController/Mcount_clkdiv_cy<2>)
     MUXCY:CI->O           1   0.019   0.000  SevenSegController/Mcount_clkdiv_cy<3> (SevenSegController/Mcount_clkdiv_cy<3>)
     MUXCY:CI->O           1   0.019   0.000  SevenSegController/Mcount_clkdiv_cy<4> (SevenSegController/Mcount_clkdiv_cy<4>)
     MUXCY:CI->O           1   0.019   0.000  SevenSegController/Mcount_clkdiv_cy<5> (SevenSegController/Mcount_clkdiv_cy<5>)
     MUXCY:CI->O           1   0.019   0.000  SevenSegController/Mcount_clkdiv_cy<6> (SevenSegController/Mcount_clkdiv_cy<6>)
     MUXCY:CI->O           1   0.019   0.000  SevenSegController/Mcount_clkdiv_cy<7> (SevenSegController/Mcount_clkdiv_cy<7>)
     MUXCY:CI->O           1   0.019   0.000  SevenSegController/Mcount_clkdiv_cy<8> (SevenSegController/Mcount_clkdiv_cy<8>)
     MUXCY:CI->O           0   0.019   0.000  SevenSegController/Mcount_clkdiv_cy<9> (SevenSegController/Mcount_clkdiv_cy<9>)
     XORCY:CI->O           1   0.180   0.000  SevenSegController/Mcount_clkdiv_xor<10> (SevenSegController/Result<10>)
     FD:D                      0.102          SevenSegController/clkdiv_10
    ----------------------------------------
    Total                      1.857ns (1.278ns logic, 0.579ns route)
                                       (68.8% logic, 31.2% route)

=========================================================================
Timing constraint: Default period analysis for Clock 'SevenSegController/clkdiv_10'
  Clock period: 2.700ns (frequency: 370.329MHz)
  Total number of paths / destination ports: 48 / 12
-------------------------------------------------------------------------
Delay:               2.700ns (Levels of Logic = 2)
  Source:            SevenSegController/tempEN_0 (FF)
  Destination:       SevenSegController/O_3 (FF)
  Source Clock:      SevenSegController/clkdiv_10 rising
  Destination Clock: SevenSegController/clkdiv_10 rising

  Data Path: SevenSegController/tempEN_0 to SevenSegController/O_3
                                Gate     Net
    Cell:in->out      fanout   Delay   Delay  Logical Name (Net Name)
    ----------------------------------------  ------------
     FD:C->Q              13   0.447   1.161  SevenSegController/tempEN_0 (SevenSegController/tempEN_0)
     LUT6:I3->O            1   0.205   0.580  SevenSegController/Mmux_tempEN[3]_d4[3]_wide_mux_2_OUT41 (SevenSegController/Mmux_tempEN[3]_d4[3]_wide_mux_2_OUT4)
     LUT6:I5->O            1   0.205   0.000  SevenSegController/Mmux_tempEN[3]_d4[3]_wide_mux_2_OUT42 (SevenSegController/tempEN[3]_d4[3]_wide_mux_2_OUT<1>)
     FD:D                      0.102          SevenSegController/O_1
    ----------------------------------------
    Total                      2.700ns (0.959ns logic, 1.741ns route)
                                       (35.5% logic, 64.5% route)

=========================================================================
Timing constraint: Default OFFSET IN BEFORE for Clock 'mclk'
  Total number of paths / destination ports: 67 / 24
-------------------------------------------------------------------------
Offset:              3.505ns (Levels of Logic = 2)
  Source:            BTNS (PAD)
  Destination:       Memory/Mram_memory (RAM)
  Destination Clock: mclk rising

  Data Path: BTNS to Memory/Mram_memory
                                Gate     Net
    Cell:in->out      fanout   Delay   Delay  Logical Name (Net Name)
    ----------------------------------------  ------------
     IBUF:I->O            10   1.222   1.201  BTNS_IBUF (BTNS_IBUF)
     LUT5:I0->O            1   0.203   0.579  Mmux_input151 (input<8>)
     RAMB8BWER:DIADI8          0.300          Memory/Mram_memory
    ----------------------------------------
    Total                      3.505ns (1.725ns logic, 1.780ns route)
                                       (49.2% logic, 50.8% route)

=========================================================================
Timing constraint: Default OFFSET OUT AFTER for Clock 'SevenSegController/clkdiv_10'
  Total number of paths / destination ports: 32 / 11
-------------------------------------------------------------------------
Offset:              4.821ns (Levels of Logic = 2)
  Source:            SevenSegController/O_1 (FF)
  Destination:       display<6> (PAD)
  Source Clock:      SevenSegController/clkdiv_10 rising

  Data Path: SevenSegController/O_1 to display<6>
                                Gate     Net
    Cell:in->out      fanout   Delay   Delay  Logical Name (Net Name)
    ----------------------------------------  ------------
     FD:C->Q               7   0.447   1.021  SevenSegController/O_1 (SevenSegController/O_1)
     LUT4:I0->O            1   0.203   0.579  SingleDigitSeg/Mram_b61 (display_6_OBUF)
     OBUF:I->O                 2.571          display_6_OBUF (display<6>)
    ----------------------------------------
    Total                      4.821ns (3.221ns logic, 1.600ns route)
                                       (66.8% logic, 33.2% route)

=========================================================================

Cross Clock Domains Report:
--------------------------

Clock to Setup on destination clock SevenSegController/clkdiv_10
----------------------------+---------+---------+---------+---------+
                            | Src:Rise| Src:Fall| Src:Rise| Src:Fall|
Source Clock                |Dest:Rise|Dest:Rise|Dest:Fall|Dest:Fall|
----------------------------+---------+---------+---------+---------+
SevenSegController/clkdiv_10|    2.700|         |         |         |
mclk                        |    3.684|         |         |         |
----------------------------+---------+---------+---------+---------+

Clock to Setup on destination clock mclk
---------------+---------+---------+---------+---------+
               | Src:Rise| Src:Fall| Src:Rise| Src:Fall|
Source Clock   |Dest:Rise|Dest:Rise|Dest:Fall|Dest:Fall|
---------------+---------+---------+---------+---------+
mclk           |    1.857|         |         |         |
---------------+---------+---------+---------+---------+

=========================================================================


Total REAL time to Xst completion: 5.00 secs
Total CPU time to Xst completion: 4.67 secs
 
--> 

Total memory usage is 258656 kilobytes

Number of errors   :    0 (   0 filtered)
Number of warnings :    0 (   0 filtered)
Number of infos    :    4 (   0 filtered)

