--------------------------------------------------------------------------------
Release 14.6 Trace  (nt64)
Copyright (c) 1995-2013 Xilinx, Inc.  All rights reserved.

C:\Xilinx\14.6\ISE_DS\ISE\bin\nt64\unwrapped\trce.exe -intstyle ise -v 3 -s 3
-n 3 -fastpaths -xml Input20DigitsForSevenSeg.twx Input20DigitsForSevenSeg.ncd
-o Input20DigitsForSevenSeg.twr Input20DigitsForSevenSeg.pcf -ucf
SevenSegUCF.ucf

Design file:              Input20DigitsForSevenSeg.ncd
Physical constraint file: Input20DigitsForSevenSeg.pcf
Device,package,speed:     xc6slx16,csg324,C,-3 (PRODUCTION 1.23 2013-06-08)
Report level:             verbose report

Environment Variable      Effect 
--------------------      ------ 
NONE                      No environment variables were set
--------------------------------------------------------------------------------

INFO:Timing:2698 - No timing constraints found, doing default enumeration.
INFO:Timing:3412 - To improve timing, see the Timing Closure User Guide (UG612).
INFO:Timing:2752 - To get complete path coverage, use the unconstrained paths 
   option. All paths that are not constrained will be reported in the 
   unconstrained paths section(s) of the report.
INFO:Timing:3339 - The clock-to-out numbers in this timing report are based on 
   a 50 Ohm transmission line loading model.  For the details of this model, 
   and for more information on accounting for different loading conditions, 
   please see the device datasheet.



Data Sheet report:
-----------------
All values displayed in nanoseconds (ns)

Setup/Hold to clock mclk
------------+------------+------------+------------+------------+------------------+--------+
            |Max Setup to|  Process   |Max Hold to |  Process   |                  | Clock  |
Source      | clk (edge) |   Corner   | clk (edge) |   Corner   |Internal Clock(s) | Phase  |
------------+------------+------------+------------+------------+------------------+--------+
BTND        |    4.663(R)|      SLOW  |   -2.406(R)|      FAST  |mclk_BUFGP        |   0.000|
BTNL        |    4.987(R)|      SLOW  |   -2.598(R)|      FAST  |mclk_BUFGP        |   0.000|
BTNR        |    4.133(R)|      SLOW  |   -2.206(R)|      FAST  |mclk_BUFGP        |   0.000|
BTNS        |    4.528(R)|      SLOW  |   -2.112(R)|      FAST  |mclk_BUFGP        |   0.000|
BTNU        |    4.370(R)|      SLOW  |   -1.972(R)|      FAST  |mclk_BUFGP        |   0.000|
SW<0>       |    1.751(R)|      SLOW  |   -0.812(R)|      SLOW  |mclk_BUFGP        |   0.000|
SW<1>       |    1.650(R)|      SLOW  |   -0.699(R)|      SLOW  |mclk_BUFGP        |   0.000|
SW<2>       |    1.432(R)|      SLOW  |   -0.495(R)|      SLOW  |mclk_BUFGP        |   0.000|
SW<3>       |    1.766(R)|      SLOW  |   -0.819(R)|      SLOW  |mclk_BUFGP        |   0.000|
SW<4>       |    1.720(R)|      SLOW  |   -0.775(R)|      SLOW  |mclk_BUFGP        |   0.000|
SW<5>       |    1.732(R)|      SLOW  |   -0.784(R)|      SLOW  |mclk_BUFGP        |   0.000|
SW<6>       |    1.674(R)|      SLOW  |   -0.731(R)|      SLOW  |mclk_BUFGP        |   0.000|
SW<7>       |    1.212(R)|      SLOW  |   -0.290(R)|      SLOW  |mclk_BUFGP        |   0.000|
------------+------------+------------+------------+------------+------------------+--------+

Clock to Setup on destination clock mclk
---------------+---------+---------+---------+---------+
               | Src:Rise| Src:Fall| Src:Rise| Src:Fall|
Source Clock   |Dest:Rise|Dest:Rise|Dest:Fall|Dest:Fall|
---------------+---------+---------+---------+---------+
mclk           |    1.656|         |         |         |
---------------+---------+---------+---------+---------+


Analysis completed Wed Feb 11 10:32:31 2015 
--------------------------------------------------------------------------------

Trace Settings:
-------------------------
Trace Settings 

Peak Memory Usage: 218 MB



